============================= test session starts ==============================
platform linux -- Python 3.11.4, pytest-8.4.0, pluggy-1.6.0 -- /home/muna/miniconda3/bin/python
cachedir: .pytest_cache
rootdir: /home/muna/code/Muna-Lombe/tutorials/PythOn/telegram/bots/IeltsMentorV2
plugins: cov-6.2.1, mock-3.14.1, asyncio-1.0.0, anyio-4.9.0
asyncio: mode=Mode.AUTO, asyncio_default_fixture_loop_scope=None, asyncio_default_test_loop_scope=function
collecting ... collected 38 items

tests/test_handlers.py::test_start_new_user PASSED                       [  2%]
tests/test_handlers.py::test_start_existing_user PASSED                  [  5%]
tests/test_handlers.py::test_stats_command_with_stats PASSED             [  7%]
tests/test_handlers.py::test_stats_command_no_stats PASSED               [ 10%]
tests/test_handlers.py::test_practice_command PASSED                     [ 13%]
tests/test_handlers.py::test_practice_section_callback PASSED            [ 15%]
tests/test_handlers.py::test_explain_command PASSED                      [ 18%]
tests/test_handlers.py::test_define_command PASSED                       [ 21%]
tests/test_handlers.py::test_unknown_command PASSED                      [ 23%]
tests/test_handlers.py::test_create_group_command_as_approved_teacher PASSED [ 26%]
tests/test_handlers.py::test_create_group_command_as_non_approved_teacher PASSED [ 28%]
tests/test_handlers.py::test_create_group_command_as_regular_user PASSED [ 31%]
tests/test_handlers.py::test_create_group_command_as_unknown_user PASSED [ 34%]
tests/test_handlers.py::test_get_group_name_handler PASSED               [ 36%]
tests/test_handlers.py::test_get_group_description_handler PASSED        [ 39%]
tests/test_handlers.py::test_cancel_group_creation_handler PASSED        [ 42%]
tests/test_handlers.py::test_my_exercises_command_with_exercises PASSED  [ 44%]
tests/test_handlers.py::test_my_exercises_command_no_exercises PASSED    [ 47%]
tests/test_handlers.py::test_create_exercise_start_command PASSED        [ 50%]
tests/test_handlers.py::test_create_exercise_get_title PASSED            [ 52%]
tests/test_handlers.py::test_create_exercise_get_description PASSED      [ 55%]
tests/test_handlers.py::test_create_exercise_get_type PASSED             [ 57%]
tests/test_handlers.py::test_create_exercise_get_difficulty PASSED       [ 60%]
tests/test_handlers.py::test_create_exercise_get_content_and_create PASSED [ 63%]
tests/test_handlers.py::test_create_exercise_get_content_invalid PASSED  [ 65%]
tests/test_handlers.py::test_create_exercise_cancel PASSED               [ 68%]
tests/test_models.py::test_user_creation PASSED                          [ 71%]
tests/test_models.py::test_update_stats PASSED                           [ 73%]
tests/test_reading_practice.py::test_reading_practice_starts_correctly PASSED [ 76%]
tests/test_reading_practice.py::test_handle_reading_answer_correct PASSED [ 78%]
tests/test_reading_practice.py::test_handle_reading_answer_incorrect PASSED [ 81%]
tests/test_student_features.py::test_practice_command_shows_selection_menu PASSED [ 84%]
tests/test_student_features.py::test_stats_command_displays_user_stats PASSED [ 86%]
tests/test_student_features.py::test_stats_command_for_new_user PASSED   [ 89%]
tests/test_student_features.py::test_explain_command_with_valid_query PASSED [ 92%]
tests/test_student_features.py::test_define_command_with_valid_word PASSED [ 94%]
tests/unit/test_speaking_practice.py::test_start_speaking_practice PASSED [ 97%]
tests/unit/test_speaking_practice.py::test_handle_part_1 PASSED          [100%]

=============================== warnings summary ===============================
../../../../../../../miniconda3/lib/python3.11/site-packages/pydub/utils.py:14
  /home/muna/miniconda3/lib/python3.11/site-packages/pydub/utils.py:14: DeprecationWarning: 'audioop' is deprecated and slated for removal in Python 3.13
    import audioop

handlers/exercise_management_handler.py:221
  /home/muna/code/Muna-Lombe/tutorials/PythOn/telegram/bots/IeltsMentorV2/handlers/exercise_management_handler.py:221: PTBUserWarning: If 'per_message=False', 'CallbackQueryHandler' will not be tracked for every message. Read this FAQ entry to learn more about the per_* settings: https://github.com/python-telegram-bot/python-telegram-bot/wiki/Frequently-Asked-Questions#what-do-the-per_-settings-in-conversationhandler-do.
    create_exercise_conv_handler = ConversationHandler(

handlers/speaking_practice_handler.py:243
  /home/muna/code/Muna-Lombe/tutorials/PythOn/telegram/bots/IeltsMentorV2/handlers/speaking_practice_handler.py:243: PTBUserWarning: If 'per_message=False', 'CallbackQueryHandler' will not be tracked for every message. Read this FAQ entry to learn more about the per_* settings: https://github.com/python-telegram-bot/python-telegram-bot/wiki/Frequently-Asked-Questions#what-do-the-per_-settings-in-conversationhandler-do.
    speaking_practice_conv_handler = ConversationHandler(

-- Docs: https://docs.pytest.org/en/stable/how-to/capture-warnings.html
======================== 38 passed, 3 warnings in 0.60s ========================
